15:13:27 **** Build of configuration Debug for project sources ****
make all 
Building file: ../src/cr_startup_lpc175x_6x.c
Invoking: MCU C Compiler
arm-none-eabi-gcc -D__REDLIB__ -DDEBUG -D__CODE_RED -DCORE_M3 -D__LPC17XX__ -Og -g3 -Wall -c -fmessage-length=0 -fno-builtin -ffunction-sections -fdata-sections -mcpu=cortex-m3 -mthumb -specs=redlib.specs -MMD -MP -MF"src/cr_startup_lpc175x_6x.d" -MT"src/cr_startup_lpc175x_6x.d" -o "src/cr_startup_lpc175x_6x.o" "../src/cr_startup_lpc175x_6x.c"
Finished building: ../src/cr_startup_lpc175x_6x.c
 
Building file: ../src/crp.c
Invoking: MCU C Compiler
arm-none-eabi-gcc -D__REDLIB__ -DDEBUG -D__CODE_RED -DCORE_M3 -D__LPC17XX__ -Og -g3 -Wall -c -fmessage-length=0 -fno-builtin -ffunction-sections -fdata-sections -mcpu=cortex-m3 -mthumb -specs=redlib.specs -MMD -MP -MF"src/crp.d" -MT"src/crp.d" -o "src/crp.o" "../src/crp.c"
Finished building: ../src/crp.c
 
Building file: ../src/main.c
Invoking: MCU C Compiler
arm-none-eabi-gcc -D__REDLIB__ -DDEBUG -D__CODE_RED -DCORE_M3 -D__LPC17XX__ -Og -g3 -Wall -c -fmessage-length=0 -fno-builtin -ffunction-sections -fdata-sections -mcpu=cortex-m3 -mthumb -specs=redlib.specs -MMD -MP -MF"src/main.d" -MT"src/main.d" -o "src/main.o" "../src/main.c"
Finished building: ../src/main.c
 
Building target: sources.axf
Invoking: MCU Linker
arm-none-eabi-gcc -nostdlib -Xlinker -Map="sources.map" -Xlinker --gc-sections -mcpu=cortex-m3 -mthumb -T "sources_Debug.ld" -o "sources.axf"  ./src/cr_startup_lpc175x_6x.o ./src/crp.o ./src/main.o   
Finished building target: sources.axf
 
make --no-print-directory post-build
Performing post-build steps
arm-none-eabi-size "sources.axf"; # arm-none-eabi-objcopy -v -O binary "sources.axf" "sources.bin" ; # checksum -p LPC1769 -d "sources.bin";
   text	   data	    bss	    dec	    hex	filename
    424	      0	      4	    428	    1ac	sources.axf
 

15:13:29 Build Finished (took 1s.913ms)

